// Jest Snapshot v1, https://goo.gl/fbAQLP

exports[`PageSettings should render correctly 1`] = `
.emotion-24 {
  box-sizing: border-box;
  margin: 0;
  min-width: 0;
  font-size: 16px;
}

@media screen and (min-width:40em) {
  .emotion-24 {
    font-size: 20px;
  }
}

.emotion-23 {
  box-sizing: border-box;
  margin: 0;
  min-width: 0;
  max-width: 640px;
  margin: auto;
  padding: 16px;
  padding-top: 16px;
}

@media screen and (min-width:40em) {
  .emotion-23 {
    padding-top: 16px;
  }
}

@media screen and (min-width:52em) {
  .emotion-23 {
    padding-top: 32px;
  }
}

.emotion-3 {
  box-sizing: border-box;
  margin: 0;
  min-width: 0;
  width: 100%;
  margin-bottom: 32px;
}

.emotion-0 {
  box-sizing: border-box;
  margin: 0;
  min-width: 0;
  font-size: 24px;
  font-family: Open Sans,-apple-system,BlinkMacSystemFont,San Francisco,Roboto,Segoe UI,Helvetica Neue,sans-serif;
  font-weight: 300;
  line-height: heading;
  font-size: 3.90625rem;
  line-height: 6rem;
  -webkit-letter-spacing: 0;
  -moz-letter-spacing: 0;
  -ms-letter-spacing: 0;
  letter-spacing: 0;
  color: var(--theme-ui-colors-text,rgba(0,0,0,0.87));
  margin-bottom: 16px;
  margin-left: 4px;
}

.emotion-2 {
  box-sizing: border-box;
  margin: 0;
  min-width: 0;
  -webkit-appearance: none;
  -moz-appearance: none;
  appearance: none;
  display: inline-block;
  text-align: center;
  line-height: inherit;
  -webkit-text-decoration: none;
  text-decoration: none;
  font-size: inherit;
  padding-left: 16px;
  padding-right: 16px;
  padding-top: 8px;
  padding-bottom: 8px;
  color: white;
  background-color: var(--theme-ui-colors-primary,#00e399);
  border: 0;
  border-radius: 4px;
  cursor: pointer;
  text-transform: capitalize;
  box-sizing: border-box;
  font-size: 14px;
  font-weight: bold;
  color: var(--theme-ui-colors-textPrimary,#00664a);
  background-color: transparent;
  border-radius: 8px;
  font-family: Open Sans,-apple-system,BlinkMacSystemFont,San Francisco,Roboto,Segoe UI,Helvetica Neue,sans-serif;
  -webkit-transition: background-color 125ms cubic-bezier(0.0,0.0,0.2,1);
  transition: background-color 125ms cubic-bezier(0.0,0.0,0.2,1);
  padding-top: 8px;
  padding-bottom: 8px;
  padding-left: 16px;
  padding-right: 16px;
  white-space: nowrap;
  border: 1px solid;
  border-color: var(--theme-ui-colors-border,rgba(0,0,0,.1));
  -webkit-align-items: center;
  -webkit-box-align: center;
  -ms-flex-align: center;
  align-items: center;
  -webkit-box-pack: center;
  -webkit-justify-content: center;
  -ms-flex-pack: center;
  justify-content: center;
  display: -webkit-box;
  display: -webkit-flex;
  display: -ms-flexbox;
  display: flex;
}

.emotion-2:disabled {
  opacity: 0.38;
  cursor: auto;
}

.emotion-2:hover,
.emotion-2:focus {
  background-color: var(--theme-ui-colors-primaryLighter,rgba(0,120,86,0.12));
  border-color: var(--theme-ui-colors-primary,#00e399);
  outline: none;
}

.emotion-2:hover:disabled,
.emotion-2:focus:disabled {
  background-color: transparent;
  border-color: var(--theme-ui-colors-border,rgba(0,0,0,.1));
}

.emotion-1 {
  box-sizing: border-box;
  margin: 0;
  min-width: 0;
  max-width: 100%;
  height: auto;
  fill: var(--theme-ui-colors-icon,rgba(0,0,0,0.6));
  -webkit-flex-shrink: 0;
  -ms-flex-negative: 0;
  flex-shrink: 0;
  margin: 0;
  height: 20px;
  width: 20px;
  margin-right: 8px;
}

.emotion-8 {
  box-sizing: border-box;
  margin: 0;
  min-width: 0;
  padding: 8px;
  background-color: var(--theme-ui-colors-background,#F7F8FA);
  border-radius: 8px;
  box-shadow: rgba(0,0,0,0.1) 0px 0px 1px,rgba(0,0,0,0.27) 0px 2px 4px -2px;
  padding: 16px;
  background-color: var(--theme-ui-colors-surface,#fff);
  overflow: hidden;
  margin-bottom: 16px;
}

.emotion-7 {
  box-sizing: border-box;
  margin: 0;
  min-width: 0;
  -webkit-align-items: center;
  -webkit-box-align: center;
  -ms-flex-align: center;
  align-items: center;
  display: -webkit-box;
  display: -webkit-flex;
  display: -ms-flexbox;
  display: flex;
}

.emotion-4 {
  box-sizing: border-box;
  margin: 0;
  min-width: 0;
  font-size: 24px;
  font-family: Open Sans,-apple-system,BlinkMacSystemFont,San Francisco,Roboto,Segoe UI,Helvetica Neue,sans-serif;
  font-weight: 300;
  line-height: heading;
  font-size: 2rem;
  line-height: 3rem;
  -webkit-letter-spacing: 0;
  -moz-letter-spacing: 0;
  -ms-letter-spacing: 0;
  letter-spacing: 0;
  color: var(--theme-ui-colors-text,rgba(0,0,0,0.87));
}

.emotion-5 {
  box-sizing: border-box;
  margin: 0;
  min-width: 0;
  pointer-events: none;
  -webkit-flex: 1;
  -ms-flex: 1;
  flex: 1;
}

.emotion-6 {
  box-sizing: border-box;
  margin: 0;
  min-width: 0;
  max-width: 100%;
  height: auto;
  fill: var(--theme-ui-colors-icon,rgba(0,0,0,0.6));
  -webkit-flex-shrink: 0;
  -ms-flex-negative: 0;
  flex-shrink: 0;
  margin: 0;
  height: 20px;
  width: 20px;
}

.emotion-19 {
  box-sizing: border-box;
  margin: 0;
  min-width: 0;
  margin-bottom: 32px;
}

.emotion-18 {
  box-sizing: border-box;
  margin: 0;
  min-width: 0;
  padding: 8px;
  background-color: var(--theme-ui-colors-background,#F7F8FA);
  border-radius: 8px;
  box-shadow: rgba(0,0,0,0.1) 0px 0px 1px,rgba(0,0,0,0.27) 0px 2px 4px -2px;
  padding: 16px;
  background-color: var(--theme-ui-colors-surface,#fff);
  overflow: hidden;
}

.emotion-16 {
  box-sizing: border-box;
  margin: 0;
  min-width: 0;
}

.emotion-14 {
  box-sizing: border-box;
  margin: 0;
  min-width: 0;
  font-size: 24px;
  font-family: Open Sans,-apple-system,BlinkMacSystemFont,San Francisco,Roboto,Segoe UI,Helvetica Neue,sans-serif;
  font-weight: 300;
  line-height: heading;
  font-size: 2rem;
  line-height: 3rem;
  -webkit-letter-spacing: 0;
  -moz-letter-spacing: 0;
  -ms-letter-spacing: 0;
  letter-spacing: 0;
  color: var(--theme-ui-colors-text,rgba(0,0,0,0.87));
  margin-bottom: 16px;
}

.emotion-15 {
  box-sizing: border-box;
  margin: 0;
  min-width: 0;
  color: rgba(0,0,0,0.88);
  font-size: 1.6rem;
  font-family: Open Sans,-apple-system,BlinkMacSystemFont,San Francisco,Roboto,Segoe UI,Helvetica Neue,sans-serif;
  font-weight: 400;
  line-height: 3rem;
  word-wrap: break-word;
  color: var(--theme-ui-colors-text,rgba(0,0,0,0.87));
  font-size: 14px;
  line-height: 1.5em;
}

.emotion-21 {
  box-sizing: border-box;
  margin: 0;
  min-width: 0;
  -webkit-appearance: none;
  -moz-appearance: none;
  appearance: none;
  display: inline-block;
  text-align: center;
  line-height: inherit;
  -webkit-text-decoration: none;
  text-decoration: none;
  font-size: inherit;
  padding-left: 16px;
  padding-right: 16px;
  padding-top: 8px;
  padding-bottom: 8px;
  color: white;
  background-color: var(--theme-ui-colors-primary,#00e399);
  border: 0;
  border-radius: 4px;
  cursor: pointer;
  text-transform: capitalize;
  box-sizing: border-box;
  font-size: 14px;
  font-weight: bold;
  color: var(--theme-ui-colors-textPrimary,#00664a);
  background-color: transparent;
  border-radius: 8px;
  font-family: Open Sans,-apple-system,BlinkMacSystemFont,San Francisco,Roboto,Segoe UI,Helvetica Neue,sans-serif;
  -webkit-transition: background-color 125ms cubic-bezier(0.0,0.0,0.2,1);
  transition: background-color 125ms cubic-bezier(0.0,0.0,0.2,1);
  padding-top: 8px;
  padding-bottom: 8px;
  padding-left: 16px;
  padding-right: 16px;
  white-space: nowrap;
  border: 1px solid;
  border-color: var(--theme-ui-colors-border,rgba(0,0,0,.1));
  -webkit-align-items: center;
  -webkit-box-align: center;
  -ms-flex-align: center;
  align-items: center;
  -webkit-box-pack: center;
  -webkit-justify-content: center;
  -ms-flex-pack: center;
  justify-content: center;
  display: -webkit-box;
  display: -webkit-flex;
  display: -ms-flexbox;
  display: flex;
  margin-top: 16px;
  margin-bottom: 16px;
  width: 100%;
  color: var(--theme-ui-colors-textMediumEmphasis,rgba(0,0,0,0.60));
  padding-top: 16px;
  padding-bottom: 16px;
}

.emotion-21:disabled {
  opacity: 0.38;
  cursor: auto;
}

.emotion-21:hover,
.emotion-21:focus {
  background-color: var(--theme-ui-colors-primaryLighter,rgba(0,120,86,0.12));
  border-color: var(--theme-ui-colors-primary,#00e399);
  outline: none;
}

.emotion-21:hover:disabled,
.emotion-21:focus:disabled {
  background-color: transparent;
  border-color: var(--theme-ui-colors-border,rgba(0,0,0,.1));
}

.emotion-22 {
  box-sizing: border-box;
  margin: 0;
  min-width: 0;
  -webkit-appearance: none;
  -moz-appearance: none;
  appearance: none;
  display: inline-block;
  text-align: center;
  line-height: inherit;
  -webkit-text-decoration: none;
  text-decoration: none;
  font-size: inherit;
  padding-left: 16px;
  padding-right: 16px;
  padding-top: 8px;
  padding-bottom: 8px;
  color: white;
  background-color: var(--theme-ui-colors-primary,#00e399);
  border: 0;
  border-radius: 4px;
  cursor: pointer;
  text-transform: capitalize;
  box-sizing: border-box;
  font-size: 14px;
  font-weight: bold;
  color: var(--theme-ui-colors-textPrimary,#00664a);
  background-color: transparent;
  border-radius: 8px;
  font-family: Open Sans,-apple-system,BlinkMacSystemFont,San Francisco,Roboto,Segoe UI,Helvetica Neue,sans-serif;
  -webkit-transition: background-color 125ms cubic-bezier(0.0,0.0,0.2,1);
  transition: background-color 125ms cubic-bezier(0.0,0.0,0.2,1);
  padding-top: 8px;
  padding-bottom: 8px;
  padding-left: 16px;
  padding-right: 16px;
  white-space: nowrap;
  border: 1px solid;
  border-color: var(--theme-ui-colors-border,rgba(0,0,0,.1));
  -webkit-align-items: center;
  -webkit-box-align: center;
  -ms-flex-align: center;
  align-items: center;
  -webkit-box-pack: center;
  -webkit-justify-content: center;
  -ms-flex-pack: center;
  justify-content: center;
  display: -webkit-box;
  display: -webkit-flex;
  display: -ms-flexbox;
  display: flex;
  margin-top: 16px;
  margin-bottom: 16px;
  width: 100%;
  color: var(--theme-ui-colors-danger,#d50000);
  padding-top: 16px;
  padding-bottom: 16px;
}

.emotion-22:disabled {
  opacity: 0.38;
  cursor: auto;
}

.emotion-22:hover,
.emotion-22:focus {
  background-color: var(--theme-ui-colors-primaryLighter,rgba(0,120,86,0.12));
  border-color: var(--theme-ui-colors-primary,#00e399);
  outline: none;
}

.emotion-22:hover:disabled,
.emotion-22:focus:disabled {
  background-color: transparent;
  border-color: var(--theme-ui-colors-border,rgba(0,0,0,.1));
}

<div>
  <div
    class="emotion-24"
  >
    <div
      class="emotion-23"
    >
      <div
        class="emotion-3"
      >
        <h3
          class="emotion-0"
        />
        <a
          href="/choose-school"
        >
          <button
            class="emotion-2"
          >
            <div
              class="emotion-1"
            />
            Switch School
          </button>
        </a>
      </div>
      <a
        href="/dashboard/settings/curriculum"
      >
        <div
          class="emotion-8"
        >
          <div
            class="emotion-7"
          >
            <h6
              class="emotion-4"
            >
              Curriculum
            </h6>
            <div
              class="emotion-5"
            />
            <div
              class="emotion-6"
            />
          </div>
        </div>
      </a>
      <a
        href="/dashboard/settings/users"
      >
        <div
          class="emotion-8"
        >
          <div
            class="emotion-7"
          >
            <h6
              class="emotion-4"
            >
              Users
            </h6>
            <div
              class="emotion-5"
            />
            <div
              class="emotion-6"
            />
          </div>
        </div>
      </a>
      <div
        class="emotion-19"
      >
        <div
          class="emotion-18"
        >
          <div
            class="emotion-7"
          >
            <div
              class="emotion-16"
            >
              <h6
                class="emotion-14"
              >
                Invite your co-workers
              </h6>
              <p
                class="emotion-15"
                id="shareLink"
              />
            </div>
          </div>
        </div>
      </div>
      <button
        class="emotion-21"
      >
        <div
          class="emotion-1"
        />
        Dark Mode
      </button>
      <button
        class="emotion-22"
      >
        Log Out
      </button>
    </div>
  </div>
</div>
`;
