// Jest Snapshot v1, https://goo.gl/fbAQLP

exports[`Slider should render correctly 1`] = `
.emotion-1 {
  box-sizing: border-box;
  margin: 0;
  min-width: 0;
  font-size: 16px;
}

@media screen and (min-width:40em) {
  .emotion-1 {
    font-size: 20px;
  }
}

.emotion-0 {
  box-sizing: border-box;
  margin: 0;
  min-width: 0;
  display: block;
  width: 100%;
  height: 4px;
  margin-top: 8px;
  margin-bottom: 8px;
  cursor: pointer;
  -webkit-appearance: none;
  -moz-appearance: none;
  appearance: none;
  border-radius: 9999px;
  color: inherit;
  background-color: var(--theme-ui-colors-gray,#dddddf);
}

.emotion-0:focus {
  outline: none;
  color: var(--theme-ui-colors-primary,#33691e);
}

.emotion-0::-webkit-slider-thumb {
  -webkit-appearance: none;
  -moz-appearance: none;
  appearance: none;
  width: 16px;
  height: 16px;
  background-color: currentcolor;
  border: 0;
  border-radius: 9999px;
}

<div>
  <div
    class="emotion-1"
  >
    <input
      class="emotion-0"
      type="range"
    />
  </div>
</div>
`;
