// Jest Snapshot v1, https://goo.gl/fbAQLP

exports[`StudentPicturePlaceholder should render correctly 1`] = `
.emotion-1 {
  box-sizing: border-box;
  margin: 0;
  min-width: 0;
  font-size: 16px;
}

@media screen and (min-width:40em) {
  .emotion-1 {
    font-size: 20px;
  }
}

.emotion-0 {
  border-radius: 99999px;
}

<div>
  <div
    class="emotion-1"
  >
    <div
      class="emotion-0 gatsby-image-wrapper"
      style="position: relative; overflow: hidden; display: inline-block; width: 32px; height: 32px;"
    >
      <img
        alt=""
        aria-hidden="true"
        src="data:image/jpeg;base64,/9j/2wBDABALDA4MChAODQ4SERATGCgaGBYWGDEjJR0oOjM9PDkzODdASFxOQERXRTc4UG1RV19iZ2hnPk1xeXBkeFxlZ2P/2wBDARESEhgVGC8aGi9jQjhCY2NjY2NjY2NjY2NjY2NjY2NjY2NjY2NjY2NjY2NjY2NjY2NjY2NjY2NjY2NjY2NjY2P/wgARCAAUABQDASIAAhEBAxEB/8QAGAABAAMBAAAAAAAAAAAAAAAAAAECAwX/xAAWAQEBAQAAAAAAAAAAAAAAAAACBAP/2gAMAwEAAhADEAAAAeLWNalkAY6JjdUY2f/EABsQAAIBBQAAAAAAAAAAAAAAAAECABAREiAx/9oACAEBAAEFAtFW4oOYif/EABwRAAEDBQAAAAAAAAAAAAAAAAABAhIEESFBUf/aAAgBAwEBPwFrZLgsUmyLeH//xAAYEQEAAwEAAAAAAAAAAAAAAAAAAQMREv/aAAgBAgEBPwGbNdJa/8QAFBABAAAAAAAAAAAAAAAAAAAAMP/aAAgBAQAGPwIf/8QAGRABAQADAQAAAAAAAAAAAAAAAQAQETEh/9oACAEBAAE/IVu43uRGfGOxAhKu0v/aAAwDAQACAAMAAAAQiP8AP//EABcRAQEBAQAAAAAAAAAAAAAAAAERAJH/2gAIAQMBAT8QWAzDMCrLNRzf/8QAGREAAgMBAAAAAAAAAAAAAAAAAAEQMUFR/9oACAECAQE/ELkMjbp//8QAGBABAQEBAQAAAAAAAAAAAAAAAQARMSH/2gAIAQEAAT8QIvdSpOkNDkVB7HQRoYZZorf/2Q=="
        style="position: absolute; top: 0px; left: 0px; width: 100%; height: 100%; object-fit: cover; object-position: center; opacity: 1; transition-delay: 500ms;"
      />
      <picture>
        <source
          srcset="/static/39606324e04d0351d1ba18e29137b481/daaa8/1.jpg 1x,
/static/39606324e04d0351d1ba18e29137b481/ffcc9/1.jpg 1.5x,
/static/39606324e04d0351d1ba18e29137b481/cf62c/1.jpg 2x"
        />
        <img
          alt=""
          height="32"
          loading="lazy"
          src="/static/39606324e04d0351d1ba18e29137b481/daaa8/1.jpg"
          srcset="/static/39606324e04d0351d1ba18e29137b481/daaa8/1.jpg 1x,
/static/39606324e04d0351d1ba18e29137b481/ffcc9/1.jpg 1.5x,
/static/39606324e04d0351d1ba18e29137b481/cf62c/1.jpg 2x"
          style="position: absolute; top: 0px; left: 0px; width: 100%; height: 100%; object-fit: cover; object-position: center; opacity: 0; transition: opacity 500ms;"
          width="32"
        />
      </picture>
      <noscript>
        &lt;picture&gt;&lt;source srcset="/static/39606324e04d0351d1ba18e29137b481/daaa8/1.jpg 1x,
/static/39606324e04d0351d1ba18e29137b481/ffcc9/1.jpg 1.5x,
/static/39606324e04d0351d1ba18e29137b481/cf62c/1.jpg 2x" /&gt;&lt;img loading="lazy" width="32" height="32" srcset="/static/39606324e04d0351d1ba18e29137b481/daaa8/1.jpg 1x,
/static/39606324e04d0351d1ba18e29137b481/ffcc9/1.jpg 1.5x,
/static/39606324e04d0351d1ba18e29137b481/cf62c/1.jpg 2x" src="/static/39606324e04d0351d1ba18e29137b481/daaa8/1.jpg" alt="" style="position:absolute;top:0;left:0;opacity:1;width:100%;height:100%;object-fit:cover;object-position:center"/&gt;&lt;/picture&gt;
      </noscript>
    </div>
  </div>
</div>
`;
