// Jest Snapshot v1, https://goo.gl/fbAQLP

exports[`EditObservationDialog should render correctly 1`] = `
.emotion-25 {
  box-sizing: border-box;
  margin: 0;
  min-width: 0;
  font-size: 16px;
}

@media screen and (min-width:40em) {
  .emotion-25 {
    font-size: 20px;
  }
}

.emotion-24 {
  box-sizing: border-box;
  margin: 0;
  min-width: 0;
  top: 0;
  left: 0;
  z-index: 1000001;
  position: fixed;
  -webkit-flex-direction: column-reverse;
  -ms-flex-direction: column-reverse;
  flex-direction: column-reverse;
  background-color: var(--theme-ui-colors-overlay,rgba(0,0,0,.6));
  width: 100%;
  height: 100%;
  padding: 0;
  display: -webkit-box;
  display: -webkit-flex;
  display: -ms-flexbox;
  display: flex;
}

@media screen and (min-width:40em) {
  .emotion-24 {
    -webkit-align-items: center;
    -webkit-box-align: center;
    -ms-flex-align: center;
    align-items: center;
    -webkit-box-pack: center;
    -webkit-justify-content: center;
    -ms-flex-pack: center;
    justify-content: center;
    padding: 16px;
  }
}

.emotion-23 {
  box-sizing: border-box;
  margin: 0;
  min-width: 0;
  padding: 8px;
  background-color: var(--theme-ui-colors-background,#F7F8FA);
  border-radius: 8px;
  box-shadow: rgba(0,0,0,0.1) 0px 0px 1px,rgba(0,0,0,0.27) 0px 2px 4px -2px;
  border-radius: 0;
  padding: 0;
  background-color: var(--theme-ui-colors-surface,#fff);
  max-width: 640px;
  overflow: hidden;
  width: 100%;
}

@media screen and (min-width:40em) {
  .emotion-23 {
    border-radius: 8px;
  }
}

.emotion-22 {
  box-sizing: border-box;
  margin: 0;
  min-width: 0;
  -webkit-flex-direction: column;
  -ms-flex-direction: column;
  flex-direction: column;
  max-height: 100%;
  display: -webkit-box;
  display: -webkit-flex;
  display: -ms-flexbox;
  display: flex;
}

.emotion-2 {
  box-sizing: border-box;
  margin: 0;
  min-width: 0;
  border-bottom-width: 1px;
  border-bottom-style: solid;
  border-bottom-color: var(--theme-ui-colors-border,rgba(0,0,0,.1));
  -webkit-align-items: center;
  -webkit-box-align: center;
  -ms-flex-align: center;
  align-items: center;
  padding: 16px;
  display: -webkit-box;
  display: -webkit-flex;
  display: -ms-flexbox;
  display: flex;
}

.emotion-0 {
  box-sizing: border-box;
  margin: 0;
  min-width: 0;
  font-size: 24px;
  font-family: Open Sans,-apple-system,BlinkMacSystemFont,San Francisco,Roboto,Segoe UI,Helvetica Neue,sans-serif;
  font-weight: 300;
  line-height: heading;
  font-size: 2rem;
  line-height: 3rem;
  -webkit-letter-spacing: 0;
  -moz-letter-spacing: 0;
  -ms-letter-spacing: 0;
  letter-spacing: 0;
  color: var(--theme-ui-colors-text,rgba(0,0,0,0.87));
  margin-bottom: 0;
  margin-right: 16px;
  font-weight: bold;
  -webkit-flex: 1;
  -ms-flex: 1;
  flex: 1;
  overflow-y: auto;
}

.emotion-1 {
  box-sizing: border-box;
  margin: 0;
  min-width: 0;
  max-width: 100%;
  height: auto;
  cursor: pointer;
  fill: var(--theme-ui-colors-icon,rgba(0,0,0,0.6));
  margin: 0;
  height: 32px;
  width: 32px;
}

.emotion-16 {
  box-sizing: border-box;
  margin: 0;
  min-width: 0;
  overflow-y: auto;
  background-color: var(--theme-ui-colors-background,#F7F8FA);
}

.emotion-15 {
  box-sizing: border-box;
  margin: 0;
  min-width: 0;
  padding: 16px;
}

.emotion-7 {
  box-sizing: border-box;
  margin: 0;
  min-width: 0;
  width: 100%;
  color: var(--theme-ui-colors-textMediumEmphasis,rgba(0,0,0,0.60));
  as: label;
  font-family: Open Sans,-apple-system,BlinkMacSystemFont,San Francisco,Roboto,Segoe UI,Helvetica Neue,sans-serif;
  font-size: 14px;
  -webkit-user-select: none;
  -moz-user-select: none;
  -ms-user-select: none;
  user-select: none;
  -webkit-flex-direction: column;
  -ms-flex-direction: column;
  flex-direction: column;
  display: -webkit-box;
  display: -webkit-flex;
  display: -ms-flexbox;
  display: flex;
  margin-bottom: 16px;
  display: -webkit-box;
  display: -webkit-flex;
  display: -ms-flexbox;
  display: flex;
}

.emotion-3 {
  box-sizing: border-box;
  margin: 0;
  min-width: 0;
  padding-bottom: 4px;
}

.emotion-6 {
  box-sizing: border-box;
  margin: 0;
  min-width: 0;
  display: -webkit-box;
  display: -webkit-flex;
  display: -ms-flexbox;
  display: flex;
}

.emotion-4 {
  box-sizing: border-box;
  margin: 0;
  min-width: 0;
  display: block;
  width: 100%;
  padding: 8px;
  -webkit-appearance: none;
  -moz-appearance: none;
  appearance: none;
  font-size: inherit;
  line-height: inherit;
  border: 1px solid;
  border-radius: 8px;
  color: inherit;
  background-color: transparent;
  color: var(--theme-ui-colors-text,rgba(0,0,0,0.87));
  font-family: Open Sans,-apple-system,BlinkMacSystemFont,San Francisco,Roboto,Segoe UI,Helvetica Neue,sans-serif;
  border-color: var(--theme-ui-colors-border,rgba(0,0,0,.1));
  background-color: var(--theme-ui-colors-surface,#fff);
  font-size: 16px;
  padding: 16px;
}

.emotion-4:hover,
.emotion-4:focus {
  border-color: var(--theme-ui-colors-primary,#33691e);
  outline: none;
}

.emotion-5 {
  box-sizing: border-box;
  margin: 0;
  min-width: 0;
  margin-left: -28px;
  -webkit-align-self: center;
  -ms-flex-item-align: center;
  align-self: center;
  pointer-events: none;
  width: 24px;
  height: 24px;
}

.emotion-11 {
  box-sizing: border-box;
  margin: 0;
  min-width: 0;
  width: 100%;
  color: var(--theme-ui-colors-textMediumEmphasis,rgba(0,0,0,0.60));
  as: label;
  font-family: Open Sans,-apple-system,BlinkMacSystemFont,San Francisco,Roboto,Segoe UI,Helvetica Neue,sans-serif;
  font-size: 14px;
  -webkit-user-select: none;
  -moz-user-select: none;
  -ms-user-select: none;
  user-select: none;
  -webkit-flex-direction: column;
  -ms-flex-direction: column;
  flex-direction: column;
  display: -webkit-box;
  display: -webkit-flex;
  display: -ms-flexbox;
  display: flex;
  color: var(--theme-ui-colors-textMediumEmphasis,rgba(0,0,0,0.60));
  margin-bottom: 16px;
  display: -webkit-box;
  display: -webkit-flex;
  display: -ms-flexbox;
  display: flex;
}

.emotion-10 {
  box-sizing: border-box;
  margin: 0;
  min-width: 0;
  -webkit-align-items: center;
  -webkit-box-align: center;
  -ms-flex-align: center;
  align-items: center;
  display: -webkit-box;
  display: -webkit-flex;
  display: -ms-flexbox;
  display: flex;
}

.emotion-9 {
  box-sizing: border-box;
  margin: 0;
  min-width: 0;
  display: block;
  width: 100%;
  padding: 8px;
  -webkit-appearance: none;
  -moz-appearance: none;
  appearance: none;
  font-size: inherit;
  line-height: inherit;
  border: 1px solid;
  border-radius: 8px;
  color: inherit;
  background-color: transparent;
  font-family: Open Sans,-apple-system,BlinkMacSystemFont,San Francisco,Roboto,Segoe UI,Helvetica Neue,sans-serif;
  width: auto;
  border-color: var(--theme-ui-colors-border,rgba(0,0,0,.1));
  background-color: var(--theme-ui-colors-surface,#fff);
  font-size: 16px;
  padding: 16px;
  color: var(--theme-ui-colors-text,rgba(0,0,0,0.87));
  width: 100%;
}

.emotion-9:hover,
.emotion-9:focus {
  border-color: var(--theme-ui-colors-primary,#33691e);
  outline: none;
}

.emotion-9::-webkit-input-placeholder {
  font-style: italic;
}

.emotion-9::-moz-placeholder {
  font-style: italic;
}

.emotion-9:-ms-input-placeholder {
  font-style: italic;
}

.emotion-9::placeholder {
  font-style: italic;
}

.emotion-9:disabled {
  opacity: 0.38;
  border-color: var(--theme-ui-colors-border,rgba(0,0,0,.1));
  color: var(--theme-ui-colors-textDisabled,rgba(0,0,0,0.38));
}

.emotion-14 {
  box-sizing: border-box;
  margin: 0;
  min-width: 0;
  width: 100%;
  color: var(--theme-ui-colors-textMediumEmphasis,rgba(0,0,0,0.60));
  as: label;
  font-family: Open Sans,-apple-system,BlinkMacSystemFont,San Francisco,Roboto,Segoe UI,Helvetica Neue,sans-serif;
  font-size: 14px;
  -webkit-user-select: none;
  -moz-user-select: none;
  -ms-user-select: none;
  user-select: none;
  -webkit-flex-direction: column;
  -ms-flex-direction: column;
  flex-direction: column;
  display: -webkit-box;
  display: -webkit-flex;
  display: -ms-flexbox;
  display: flex;
  display: -webkit-box;
  display: -webkit-flex;
  display: -ms-flexbox;
  display: flex;
}

.emotion-13 {
  box-sizing: border-box;
  margin: 0;
  min-width: 0;
  display: block;
  width: 100%;
  padding: 8px;
  -webkit-appearance: none;
  -moz-appearance: none;
  appearance: none;
  font-size: inherit;
  line-height: inherit;
  border: 1px solid;
  border-radius: 8px;
  color: inherit;
  background-color: transparent;
  font-family: Open Sans,-apple-system,BlinkMacSystemFont,San Francisco,Roboto,Segoe UI,Helvetica Neue,sans-serif;
  border-color: var(--theme-ui-colors-border,rgba(0,0,0,.1));
  background-color: var(--theme-ui-colors-surface,#fff);
  font-size: 14px;
  padding: 16px;
  height: 180px;
  resize: vertical;
  color: var(--theme-ui-colors-text,rgba(0,0,0,0.87));
  width: 100%;
  font-size: 16px;
}

.emotion-13:hover,
.emotion-13:focus {
  border-color: var(--theme-ui-colors-primary,#33691e);
  outline: none;
}

.emotion-13::-webkit-input-placeholder {
  font-style: italic;
  line-height: 2rem;
}

.emotion-13::-moz-placeholder {
  font-style: italic;
  line-height: 2rem;
}

.emotion-13:-ms-input-placeholder {
  font-style: italic;
  line-height: 2rem;
}

.emotion-13::placeholder {
  font-style: italic;
  line-height: 2rem;
}

.emotion-21 {
  box-sizing: border-box;
  margin: 0;
  min-width: 0;
  border-top-width: 1px;
  border-top-style: solid;
  border-top-color: var(--theme-ui-colors-border,rgba(0,0,0,.1));
  padding: 16px;
  -webkit-align-items: center;
  -webkit-box-align: center;
  -ms-flex-align: center;
  align-items: center;
  display: -webkit-box;
  display: -webkit-flex;
  display: -ms-flexbox;
  display: flex;
}

.emotion-17 {
  box-sizing: border-box;
  margin: 0;
  min-width: 0;
  color: rgba(0,0,0,0.88);
  font-size: 1.6rem;
  font-family: Open Sans,-apple-system,BlinkMacSystemFont,San Francisco,Roboto,Segoe UI,Helvetica Neue,sans-serif;
  font-weight: 400;
  line-height: 3rem;
  color: var(--theme-ui-colors-textMediumEmphasis,rgba(0,0,0,0.60));
  font-size: 16px;
  margin-bottom: 0;
}

@media screen and (min-width:40em) {
  .emotion-17 {
    font-size: 14px;
  }
}

.emotion-18 {
  box-sizing: border-box;
  margin: 0;
  min-width: 0;
  pointer-events: none;
  -webkit-flex: 1;
  -ms-flex: 1;
  flex: 1;
}

.emotion-19 {
  box-sizing: border-box;
  margin: 0;
  min-width: 0;
  -webkit-appearance: none;
  -moz-appearance: none;
  appearance: none;
  display: inline-block;
  text-align: center;
  line-height: inherit;
  -webkit-text-decoration: none;
  text-decoration: none;
  font-size: inherit;
  padding-left: 16px;
  padding-right: 16px;
  padding-top: 8px;
  padding-bottom: 8px;
  color: white;
  background-color: var(--theme-ui-colors-primary,#33691e);
  border: 0;
  border-radius: 4px;
  cursor: pointer;
  text-transform: capitalize;
  box-sizing: border-box;
  font-size: 14px;
  font-weight: bold;
  color: var(--theme-ui-colors-textPrimary,#003d00);
  background-color: transparent;
  border-radius: 8px;
  font-family: Open Sans,-apple-system,BlinkMacSystemFont,San Francisco,Roboto,Segoe UI,Helvetica Neue,sans-serif;
  -webkit-transition: background-color 125ms cubic-bezier(0.0,0.0,0.2,1);
  transition: background-color 125ms cubic-bezier(0.0,0.0,0.2,1);
  padding-top: 8px;
  padding-bottom: 8px;
  padding-left: 16px;
  padding-right: 16px;
  white-space: nowrap;
  border: 1px solid;
  border-color: var(--theme-ui-colors-border,rgba(0,0,0,.1));
  -webkit-align-items: center;
  -webkit-box-align: center;
  -ms-flex-align: center;
  align-items: center;
  -webkit-box-pack: center;
  -webkit-justify-content: center;
  -ms-flex-pack: center;
  justify-content: center;
  display: -webkit-box;
  display: -webkit-flex;
  display: -ms-flexbox;
  display: flex;
  margin-right: 16px;
}

.emotion-19:disabled {
  opacity: 0.38;
  cursor: auto;
}

.emotion-19:hover,
.emotion-19:focus {
  background-color: var(--theme-ui-colors-primaryLighter,rgba(98,151,73,0.12));
  border-color: var(--theme-ui-colors-primary,#33691e);
  outline: none;
}

.emotion-19:hover:disabled,
.emotion-19:focus:disabled {
  background-color: transparent;
  border-color: var(--theme-ui-colors-border,rgba(0,0,0,.1));
}

.emotion-20 {
  box-sizing: border-box;
  margin: 0;
  min-width: 0;
  -webkit-appearance: none;
  -moz-appearance: none;
  appearance: none;
  display: inline-block;
  text-align: center;
  line-height: inherit;
  -webkit-text-decoration: none;
  text-decoration: none;
  font-size: inherit;
  padding-left: 16px;
  padding-right: 16px;
  padding-top: 8px;
  padding-bottom: 8px;
  color: white;
  background-color: var(--theme-ui-colors-primary,#33691e);
  border: 0;
  border-radius: 4px;
  cursor: pointer;
  text-transform: capitalize;
  box-sizing: border-box;
  font-size: 14px;
  font-weight: bold;
  color: var(--theme-ui-colors-onPrimary,#fff);
  background-color: var(--theme-ui-colors-primary,#33691e);
  border-radius: 8px;
  font-family: Open Sans,-apple-system,BlinkMacSystemFont,San Francisco,Roboto,Segoe UI,Helvetica Neue,sans-serif;
  -webkit-transition: background-color 125ms cubic-bezier(0.0,0.0,0.2,1);
  transition: background-color 125ms cubic-bezier(0.0,0.0,0.2,1);
  padding-top: 8px;
  padding-bottom: 8px;
  padding-left: 16px;
  padding-right: 16px;
  white-space: nowrap;
  -webkit-align-items: center;
  -webkit-box-align: center;
  -ms-flex-align: center;
  align-items: center;
  -webkit-box-pack: center;
  -webkit-justify-content: center;
  -ms-flex-pack: center;
  justify-content: center;
  display: -webkit-box;
  display: -webkit-flex;
  display: -ms-flexbox;
  display: flex;
}

.emotion-20:disabled {
  opacity: 0.38;
  cursor: auto;
}

.emotion-20:hover,
.emotion-20:focus {
  background-color: var(--theme-ui-colors-primaryDark,#003d00);
  outline: none;
}

.emotion-20:hover:disabled,
.emotion-20:focus:disabled {
  background-color: var(--theme-ui-colors-primary,#33691e);
}

<div>
  <div
    class="emotion-25"
  >
    <div
      class="emotion-24"
    >
      <div
        class="emotion-23"
      >
        <div
          class="emotion-22"
        >
          <div
            class="emotion-2"
          >
            <h6
              class="emotion-0"
            >
              Edit Observation
            </h6>
            <div
              class="emotion-1"
            />
          </div>
          <div
            class="emotion-16"
          >
            <div
              class="emotion-15"
            >
              <label
                class="emotion-7"
              >
                <div
                  class="emotion-3"
                >
                  Category
                </div>
                <div
                  class="emotion-6"
                >
                  <select
                    aria-label="Category"
                    class="emotion-4"
                  >
                    <option
                      value="0"
                    >
                      Others
                    </option>
                    <option
                      value="1"
                    >
                      Cultural
                    </option>
                    <option
                      value="2"
                    >
                      Language
                    </option>
                    <option
                      value="3"
                    >
                      Mathematics
                    </option>
                    <option
                      value="4"
                    >
                      Practical Life
                    </option>
                    <option
                      value="5"
                    >
                      Sensorial
                    </option>
                  </select>
                  <svg
                    class="emotion-5"
                    fill="currentcolor"
                    viewBox="0 0 24 24"
                    xmlns="http://www.w3.org/2000/svg"
                  >
                    <path
                      d="M7 10l5 5 5-5z"
                    />
                  </svg>
                </div>
              </label>
              <label
                class="emotion-11"
              >
                <div
                  class="emotion-3"
                >
                  Short Description
                </div>
                <div
                  class="emotion-10"
                >
                  <input
                    class="emotion-9"
                    placeholder="What have you find?"
                    value=""
                  />
                </div>
              </label>
              <label
                class="emotion-14"
              >
                <div
                  class="emotion-3"
                >
                  Details
                </div>
                <textarea
                  class="emotion-13"
                  placeholder="Tell us about what you observed"
                />
              </label>
            </div>
          </div>
          <div
            class="emotion-21"
          >
            <p
              class="emotion-17"
            />
            <div
              class="emotion-18"
            />
            <button
              class="emotion-19"
            >
              Cancel
            </button>
            <button
              class="emotion-20"
              data-cy="dialogPositiveAction"
              disabled=""
            >
              Save
            </button>
          </div>
        </div>
      </div>
    </div>
  </div>
</div>
`;
