// Jest Snapshot v1, https://goo.gl/fbAQLP

exports[`PageEditSubject should render correctly 1`] = `
@keyframes animation-0 {
  0% {
    background-color: rgba(165,165,165,0.05);
  }

  50% {
    background-color: rgba(165,165,165,0.1);
  }

  100% {
    background-color: rgba(165,165,165,0.05);
  }
}

@keyframes animation-0 {
  0% {
    background-color: rgba(165,165,165,0.05);
  }

  50% {
    background-color: rgba(165,165,165,0.1);
  }

  100% {
    background-color: rgba(165,165,165,0.05);
  }
}

@keyframes animation-0 {
  0% {
    background-color: rgba(165,165,165,0.05);
  }

  50% {
    background-color: rgba(165,165,165,0.1);
  }

  100% {
    background-color: rgba(165,165,165,0.05);
  }
}

@keyframes animation-0 {
  0% {
    background-color: rgba(165,165,165,0.05);
  }

  50% {
    background-color: rgba(165,165,165,0.1);
  }

  100% {
    background-color: rgba(165,165,165,0.05);
  }
}

.emotion-9 {
  box-sizing: border-box;
  margin: 0;
  min-width: 0;
  font-size: 16px;
}

@media screen and (min-width:40em) {
  .emotion-9 {
    font-size: 20px;
  }
}

.emotion-8 {
  box-sizing: border-box;
  margin: 0;
  min-width: 0;
  padding-top: 16px;
  padding-bottom: 16px;
  padding-left: 16px;
  padding-right: 16px;
  max-width: 640px;
  margin: auto;
}

.emotion-0 {
  box-sizing: border-box;
  margin: 0;
  min-width: 0;
  border-radius: 8px;
  -webkit-animation: 1s ease-in-out 0s infinite animation-0;
  animation: 1s ease-in-out 0s infinite animation-0;
  width: 20rem;
  height: 3rem;
  margin-bottom: 32px;
}

.emotion-2 {
  box-sizing: border-box;
  margin: 0;
  min-width: 0;
  border-radius: 8px;
  -webkit-animation: 1s ease-in-out 0s infinite animation-0;
  animation: 1s ease-in-out 0s infinite animation-0;
  width: 100%;
  height: 6rem;
  margin-bottom: 16px;
}

.emotion-3 {
  box-sizing: border-box;
  margin: 0;
  min-width: 0;
  border-radius: 8px;
  -webkit-animation: 1s ease-in-out 0s infinite animation-0;
  animation: 1s ease-in-out 0s infinite animation-0;
  width: 8rem;
  height: 2rem;
  margin-bottom: 8px;
}

.emotion-4 {
  box-sizing: border-box;
  margin: 0;
  min-width: 0;
  border-radius: 8px;
  -webkit-animation: 1s ease-in-out 0s infinite animation-0;
  animation: 1s ease-in-out 0s infinite animation-0;
  width: 100%;
  height: 4rem;
  margin-bottom: 8px;
}

<div>
  <div
    class="emotion-9"
  >
    <div
      class="emotion-8"
    >
      <div
        class="emotion-0"
      />
      <div
        class="emotion-0"
      />
      <div
        class="emotion-2"
      />
      <div
        class="emotion-3"
      />
      <div
        class="emotion-4"
      />
      <div
        class="emotion-4"
      />
      <div
        class="emotion-4"
      />
      <div
        class="emotion-4"
      />
    </div>
  </div>
</div>
`;
